// Vitest Snapshot v1, https://vitest.dev/guide/snapshot.html

exports[`should handle duplicated components 1`] = `
[
  "import { Head } from '../../components/Head'",
  "import { Title } from '../../components/Title'",
  "import { Header } from '../../components/Header'",
  "import { Notes } from '../../components/Notes'",
]
`;
